src/components/TransactionModal.tsx(3,26): error TS6133: 'X' is declared but its value is never read.
src/components/TransactionModal.tsx(14,68): error TS6133: 'onClose' is declared but its value is never read.
src/pages/CreateEscrow.tsx(6,61): error TS6133: 'Copy' is declared but its value is never read.
src/pages/Dashboard.tsx(7,1): error TS6133: 'EscrowStatus' is declared but its value is never read.
src/pages/EscrowDetail.tsx(12,1): error TS6133: 'TimelineEvent' is declared but its value is never read.
